../Core/Src/SPLC501.c:116:6:lcd_rst_set	8	static
../Core/Src/SPLC501.c:117:6:lcd_rst_clr	8	static
../Core/Src/SPLC501.c:118:6:lcd_cs_set	8	static
../Core/Src/SPLC501.c:119:6:lcd_cs_clr	8	static
../Core/Src/SPLC501.c:120:6:lcd_A0_set	8	static
../Core/Src/SPLC501.c:121:6:lcd_A0_clr	8	static
../Core/Src/SPLC501.c:122:6:lcd_wr_set	8	static
../Core/Src/SPLC501.c:123:6:lcd_wr_clr	8	static
../Core/Src/SPLC501.c:124:6:lcd_rd_set	8	static
../Core/Src/SPLC501.c:125:6:lcd_rd_clr	8	static
../Core/Src/SPLC501.c:127:6:delay	16	static
../Core/Src/SPLC501.c:138:6:lcd_write	16	static
../Core/Src/SPLC501.c:149:6:lcd_cmd	16	static
../Core/Src/SPLC501.c:163:6:lcd_set_column	16	static
../Core/Src/SPLC501.c:172:6:lcd_set_cursor	16	static
../Core/Src/SPLC501.c:179:6:lcd_char	24	static
../Core/Src/SPLC501.c:210:6:lcd_cls	16	static
../Core/Src/SPLC501.c:225:6:lcd_init	8	static
../Core/Src/SPLC501.c:262:6:lcd_print	24	static
../Core/Src/SPLC501.c:380:6:LcdCharacter	24	static
../Core/Src/SPLC501.c:386:6:LcdString	16	static
../Core/Src/SPLC501.c:392:6:LcdCharacter_neg	24	static
../Core/Src/SPLC501.c:399:6:LcdString_neg	16	static
../Core/Src/SPLC501.c:415:6:draw_progbar	24	static
../Core/Src/SPLC501.c:469:6:LCD_write_char_Medium	32	static
../Core/Src/SPLC501.c:500:6:LCD_write_string_Medium	24	static
